types: decimal(10,2), decimal(38,2), decimal(10,2), decimal(38,2), bigint, decimal(38,2), decimal(12,3)
+-----------+-----------+--------------+--------------+---+----------------+----------+
| avg_exact | sum_exact | avg_distinct | sum_distinct | n | sum_over_count | avg_plus |
+-----------+-----------+--------------+--------------+---+----------------+----------+
| 2.17      | 6.52      | 2.01         | 4.01         | 3 | 1.63           | 2.175    |
+-----------+-----------+--------------+--------------+---+----------------+----------+
