types: real, real, real, real, real, bigint
+-----------+----------+----------+--------------+--------------+---+
| avg_real  | sum_real | max_real | sum_distinct | avg_distinct | n |
+-----------+----------+----------+--------------+--------------+---+
| 1.8333334 | 5.5      | 2.2      | 3.3000002    | 1.6500001    | 3 |
+-----------+----------+----------+--------------+--------------+---+
