types: bigint, double, double, double, double, double, double, double, double, double, double, double
+------------------+--------+--------------------+---------+---------+--------+-----------+-----------+-----------+-------------+----------+----------+
| approx_customers | median | p90                | sd      | sd_samp | sd_pop | var       | var_s     | var_p     | correlation | cov_s    | cov_p    |
+------------------+--------+--------------------+---------+---------+--------+-----------+-----------+-----------+-------------+----------+----------+
| 4                | 60.0   | 216.09999999999997 | 80.4055 | 80.4055 | 74.441 | 6465.0387 | 6465.0387 | 5541.4617 | -0.1011     | -24.6083 | -20.5069 |
+------------------+--------+--------------------+---------+---------+--------+-----------+-----------+-----------+-------------+----------+----------+
