types: bigint, bigint, bigint, real, double, double
+-----------+--------+--------+-----------------+------------+------------+
| id_median | id_min | id_max | amount_real_p90 | amount_p25 | amount_p75 |
+-----------+--------+--------+-----------------+------------+------------+
| 105       | 101    | 108    | 240.0           | 15.0       | 120.5      |
+-----------+--------+--------+-----------------+------------+------------+
