types: array, array, array
+-------------------------------------------------+-------------------------------------------------+------------------------------------------+
| amounts_desc                                    | amounts_asc                                     | ids_by_amount_desc                       |
+-------------------------------------------------+-------------------------------------------------+------------------------------------------+
| [240.0, 120.5, 80.25, 60.0, 35.0, 15.0, 10.0, ] | [10.0, 15.0, 35.0, 60.0, 80.25, 120.5, 240.0, ] | [105, 101, 103, 107, 102, 104, 108, 106] |
+-------------------------------------------------+-------------------------------------------------+------------------------------------------+
