types: bigint, decimal(10,2), decimal(10,2), decimal(38,2), decimal(10,2), decimal(2,1)
+-----+------------+---------+-------------+-------------+-----------------+
| id  | amount_dec | avg_all | running_sum | running_avg | avg_of_literals |
+-----+------------+---------+-------------+-------------+-----------------+
| 101 | 120.50     | 80.11   | 120.50      | 120.50      | 2.0             |
| 102 | 35.00      | 80.11   | 155.50      | 77.75       | 2.0             |
| 103 | 80.25      | 80.11   | 115.25      | 57.63       | 2.0             |
| 104 | 15.00      | 80.11   | 95.25       | 47.63       | 2.0             |
| 105 | 240.00     | 80.11   | 255.00      | 127.50      | 2.0             |
| 106 |            | 80.11   | 240.00      | 240.00      | 2.0             |
| 107 | 60.00      | 80.11   | 60.00       | 60.00       | 2.0             |
| 108 | 10.00      | 80.11   | 70.00       | 35.00       | 2.0             |
+-----+------------+---------+-------------+-------------+-----------------+
