types: bigint, array, bigint, varchar, varchar, varchar, varchar, boolean, varchar, varchar, array, array, bigint, bigint, bigint, bigint, array, array, array, boolean, boolean, boolean, array, array, bigint, array, array
+----+---------------+--------+-----------+----------+--------------+-----------------+--------+-----------+------------------+-------------+---------------+----+----+-------+-------------+------------------+-----------+-----------+----------+---------------+---------------+-----------+-------------------+---------------+-------------+-----------+
| id | tags          | n_tags | first_tag | last_tag | out_of_range | subscript_first | is_vip | joined    | joined_with_null | split_str   | distinct_ints | mx | mn | pos_y | pos_missing | removed_all_ones | sorted    | unioned   | overlaps | overlaps_none | contains_none | rev_arr   | sorted_nulls_last | split_empty_n | split_chars | flat      |
+----+---------------+--------+-----------+----------+--------------+-----------------+--------+-----------+------------------+-------------+---------------+----+----+-------+-------------+------------------+-----------+-----------+----------+---------------+---------------+-----------+-------------------+---------------+-------------+-----------+
| 1  | [vip, early]  | 2      | vip       | early    |              | vip             | true   | vip,early | vip,early        | [a, b, , c] | [1, 2, 3]     | 9  | 1  | 2     | 0           | [2, 3]           | [1, 2, 3] | [1, 2, 3] | false    | false         | false         | [3, 2, 1] | [1, 3, ]          | 1             | [a, b, c]   | [1, 2, 3] |
| 2  | [trial]       | 1      | trial     | trial    |              | trial           | false  | trial     | trial            | [a, b, , c] | [1, 2, 3]     | 9  | 1  | 2     | 0           | [2, 3]           | [1, 2, 3] | [1, 2, 3] | false    | false         | false         | [3, 2, 1] | [1, 3, ]          | 1             | [a, b, c]   | [1, 2, 3] |
| 3  | []            | 0      |           |          |              |                 | false  |           |                  | [a, b, , c] | [1, 2, 3]     | 9  | 1  | 2     | 0           | [2, 3]           | [1, 2, 3] | [1, 2, 3] | false    | false         | false         | [3, 2, 1] | [1, 3, ]          | 1             | [a, b, c]   | [1, 2, 3] |
| 4  | [vip, , beta] | 3      | vip       | beta     |              | vip             | true   | vip,beta  | vip,?,beta       | [a, b, , c] | [1, 2, 3]     | 9  | 1  | 2     | 0           | [2, 3]           | [1, 2, 3] | [1, 2, 3] | true     |               |               | [3, 2, 1] | [1, 3, ]          | 1             | [a, b, c]   | [1, 2, 3] |
| 5  |               |        |           |          |              |                 |        |           |                  | [a, b, , c] | [1, 2, 3]     | 9  | 1  | 2     | 0           | [2, 3]           | [1, 2, 3] | [1, 2, 3] |          |               |               | [3, 2, 1] | [1, 3, ]          | 1             | [a, b, c]   | [1, 2, 3] |
+----+---------------+--------+-----------+----------+--------------+-----------------+--------+-----------+------------------+-------------+---------------+----+----+-------+-------------+------------------+-----------+-----------+----------+---------------+---------------+-----------+-------------------+---------------+-------------+-----------+
