types: boolean, boolean, boolean, boolean, boolean, boolean, boolean, boolean, boolean, bigint, bigint, array
+--------------------+------------------------+-------------------+---------------------+--------------------+---------------------+--------------------+------------------+-------------------------------+-------------------+----------------+--------------+
| contains_empty_int | contains_empty_varchar | contains_all_null | contains_null_value | overlap_empty_left | overlap_empty_right | overlap_both_empty | overlap_all_null | contains_empty_array_of_array | empty_cardinality | empty_position | concatenated |
+--------------------+------------------------+-------------------+---------------------+--------------------+---------------------+--------------------+------------------+-------------------------------+-------------------+----------------+--------------+
| false              | false                  |                   |                     | false              | false               | false              |                  | false                         | 0                 | 0              | [1]          |
+--------------------+------------------------+-------------------+---------------------+--------------------+---------------------+--------------------+------------------+-------------------------------+-------------------+----------------+--------------+
