types: array, array, array, array, array, array, boolean, boolean
+--------------+-----------+---------------+---------------+------------+------------------+-------------+-----------------+
| greatest_arr | least_arr | array_max_arr | array_min_arr | sorted     | sorted_with_null | between_arr | not_between_arr |
+--------------+-----------+---------------+---------------+------------+------------------+-------------+-----------------+
| [a, c]       | [a, b]    | [a, c]        | [a, b]        | [[a], [b]] | [a, b, ]         | true        | false           |
+--------------+-----------+---------------+---------------+------------+------------------+-------------+-----------------+
