types: bigint, bigint, bigint, bigint, bigint, varchar
+--------+--------+------+--------+--------+-----------+
| second | nested | last | beyond | before | first_str |
+--------+--------+------+--------+--------+-----------+
| 20     | 2      | 30   |        |        | a         |
+--------+--------+------+--------+--------+-----------+
