types: varchar, varchar, varchar, varchar, varchar, varchar, varchar
+----------------+---------+--------------+----------------+------------------+--------------+--------------+
| double_decimal | joined  | real_decimal | double_literal | exponent_literal | all_integers | all_decimals |
+----------------+---------+--------------+----------------+------------------+--------------+--------------+
| 1.0            | 1.0,1.0 | 1.0          | 1.0,1.5        | 100.0,3.0        | 1,2          | 1.5,2.5      |
+----------------+---------+--------------+----------------+------------------+--------------+--------------+
