types: boolean, boolean, boolean, boolean, boolean, boolean
+---------------+---------------+----------------+--------------+-------------+------------+
| empty_vs_null | null_vs_empty | empty_vs_empty | null_vs_null | one_vs_null | match_wins |
+---------------+---------------+----------------+--------------+-------------+------------+
| false         | false         | false          |              |             | true       |
+---------------+---------------+----------------+--------------+-------------+------------+
