types: integer, integer, varchar, decimal(2,1), integer, varchar, varchar, array, bigint, boolean, array, array, array, array, bigint, bigint, bigint, boolean, boolean, varchar, varchar, varchar, varchar, varchar, varchar, varchar
+---------------+---------------+--------------+--------------+----------+----------+----------+-------------------+---------------------+----------------------+-----------------------+------------+--------------------+---------------------+------------------+------------------+----------------+---------------+--------------------+--------------+-------------------------+-----------------------+-----------------+---------------+--------------+-------------+
| max_with_null | min_with_null | max_str_null | min_dec_null | max_ints | min_strs | max_tags | remove_keeps_null | remove_keeps_null_n | kept_element_is_null | remove_all_keeps_null | remove_all | remove_from_column | remove_null_is_null | position_of_null | position_missing | position_found | overlap_nulls | contains_null_null | join_doubles | join_timestamp          | join_with_replacement | join_skips_null | join_decimals | join_dates   | join_column |
+---------------+---------------+--------------+--------------+----------+----------+----------+-------------------+---------------------+----------------------+-----------------------+------------+--------------------+---------------------+------------------+------------------+----------------+---------------+--------------------+--------------+-------------------------+-----------------------+-----------------+---------------+--------------+-------------+
|               |               |              |              | 3        | a        |          | []                | 1                   | true                 | []                    | [2]        | [, beta]           |                     |                  | 0                | 1              |               |                    | 1.0,2.5      | 2024-01-05 10:00:00.000 | 1,x,3                 | 1,3             | 1.50;2.25     | 2024-01-05|- | vip+beta    |
+---------------+---------------+--------------+--------------+----------+----------+----------+-------------------+---------------------+----------------------+-----------------------+------------+--------------------+---------------------+------------------+------------------+----------------+---------------+--------------------+--------------+-------------------------+-----------------------+-----------------+---------------+--------------+-------------+
