types: double, double, bigint, bigint, integer, smallint, tinyint, bigint, integer, smallint, date, timestamp, boolean
+--------------+---------------------------+----------------------+----------------------------+-----------------------+------------------------+-----------------------+-------------------+---------------------+------------------------+------------+---------------------+-----------------------+
| double_trims | double_trims_integer_text | bigint_does_not_trim | bigint_no_trailing_newline | integer_does_not_trim | smallint_does_not_trim | tinyint_does_not_trim | bigint_plain_text | integer_signed_text | smallint_leading_zeros | date_trims | timestamp_trims     | boolean_does_not_trim |
+--------------+---------------------------+----------------------+----------------------------+-----------------------+------------------------+-----------------------+-------------------+---------------------+------------------------+------------+---------------------+-----------------------+
| 1.5          | 12.0                      |                      |                            |                       |                        |                       | 12                | 12                  | -12                    | 2024-01-05 | 2024-01-05T10:00:00 |                       |
+--------------+---------------------------+----------------------+----------------------------+-----------------------+------------------------+-----------------------+-------------------+---------------------+------------------------+------------+---------------------+-----------------------+
