types: double, double, double, varchar, varchar, boolean, boolean, double, double, double, double, array, boolean, boolean
+--------------+-------------------+-------------------+----------+---------------+------------------+--------------------+--------------+------------------+-----------------------------+--------------------------+-----------------+---------------------+---------------------------+
| not_a_number | positive_infinity | negative_infinity | nan_text | infinity_text | nan_never_equals | nan_always_differs | power_of_one | nullif_keeps_nan | greatest_ranks_nan_smallest | least_ranks_nan_smallest | sorted          | infinity_is_largest | matches_the_division_form |
+--------------+-------------------+-------------------+----------+---------------+------------------+--------------------+--------------+------------------+-----------------------------+--------------------------+-----------------+---------------------+---------------------------+
| NaN          | inf               | -inf              | NaN      | Infinity      | false            | true               | NaN          | NaN              | 1.0                         | 1.0                      | [1.0, 2.0, NaN] | true                | true                      |
+--------------+-------------------+-------------------+----------+---------------+------------------+--------------------+--------------+------------------+-----------------------------+--------------------------+-----------------+---------------------+---------------------------+
