types: boolean, boolean, bigint, bigint, bigint, array, array, array
+-------+--------+-------+---------+-----------+------------+-------+-------+
| c_nan | c_zero | p_nan | p_found | p_missing | r_nan      | r_all | d_nan |
+-------+--------+-------+---------+-----------+------------+-------+-------+
| false | true   | 0     | 2       | 0         | [NaN, 1.0] | [2.0] | [NaN] |
+-------+--------+-------+---------+-----------+------------+-------+-------+
