types: double, double, double, double, boolean
+------+-----+-----------+---------+-------------+
| f    | nf  | zero_zero | nan_nan | zeros_equal |
+------+-----+-----------+---------+-------------+
| -0.0 |     |           | NaN     | true        |
| 1.0  | 1.0 |           | NaN     | true        |
+------+-----+-----------+---------+-------------+
