types: bigint, bigint, bigint, bigint, bigint, bigint, bigint, bigint, bigint, bigint, bigint, bigint, bigint
+-------------+-------------+-------------+-------------+-------------+---------------+--------------------+---------------------+----------------+-----------+--------------------+-------+-----------------+
| jan31_feb29 | jan30_feb29 | mar31_apr30 | feb29_jan31 | jan31_feb28 | partial_month | quarter_end_to_end | year_short_by_a_day | leap_to_common | full_year | time_of_day_counts | weeks | hours_truncated |
+-------------+-------------+-------------+-------------+-------------+---------------+--------------------+---------------------+----------------+-----------+--------------------+-------+-----------------+
| 1           | 1           | 1           | -1          | 0           | 1             | 1                  | 0                   | 1              | 1         | 0                  | 2     | 5               |
+-------------+-------------+-------------+-------------+-------------+---------------+--------------------+---------------------+----------------+-----------+--------------------+-------+-----------------+
