types: date, date, date, date, date, timestamp
+------------+--------------+----------------+---------------+------------------+---------------------+
| plus_day   | minus_months | interval_first | clamped_month | column_plus_week | timestamp_plus_hour |
+------------+--------------+----------------+---------------+------------------+---------------------+
| 2024-01-06 | 2023-11-05   | 2024-01-06     | 2024-02-29    | 2023-01-22       | 2024-01-05T11:30:00 |
+------------+--------------+----------------+---------------+------------------+---------------------+
