types: bigint, bigint, bigint, bigint, bigint, bigint, bigint, timestamp with time zone, timestamp with time zone, timestamp with time zone, date, timestamp, timestamp, varchar, varchar, varchar
+-------------+-------------+-----+----------+----+-----+--------+--------------------------+----------------------+----------------------+------------+-------------------------+-------------------------+-----------------+------------------------+-----------------+
| sunday_is_7 | monday_is_1 | doy | iso_week | h  | dom | dow_fn | iso_offset               | iso_date_only        | iso_no_seconds       | iso_date   | frac3                   | frac6                   | fmt_frac        | joda_zone              | joda_zone_colon |
+-------------+-------------+-----+----------+----+-----+--------+--------------------------+----------------------+----------------------+------------+-------------------------+-------------------------+-----------------+------------------------+-----------------+
| 7           | 1           | 32  | 1        | 13 | 7   | 7      | 2024-01-01T10:00:00.500Z | 2024-03-01T00:00:00Z | 2024-03-01T08:30:00Z | 2024-02-29 | 2024-03-15T12:00:00.123 | 2024-03-15T12:00:00.123 | 12:00:00.123000 | 2024-03-15 12:00 +0000 | 12:00 +00:00    |
+-------------+-------------+-----+----------+----+-----+--------+--------------------------+----------------------+----------------------+------------+-------------------------+-------------------------+-----------------+------------------------+-----------------+
