types: date, date, date, date, bigint, bigint, date, date, varchar, boolean
+----------------+----------------+----------------+------------+--------------+------------+------------------+-----------------+------------+---------+
| day_after_9999 | day_after_1583 | day_after_2262 | year_after | days_to_9999 | years_span | trunc_month_9999 | trunc_year_1583 | far_text   | ordered |
+----------------+----------------+----------------+------------+--------------+------------+------------------+-----------------+------------+---------+
| +10000-01-01   | 1583-01-02     | 2262-04-13     | 9999-12-31 | 2921939      | 8416       | 9999-12-01       | 1583-01-01      | 9999-12-31 | true    |
+----------------+----------------+----------------+------------+--------------+------------+------------------+-----------------+------------+---------+
