types: timestamp with time zone, varchar, timestamp with time zone, timestamp with time zone, bigint, boolean
+----------------------+-----------------------------+----------------------+----------------------+----+----------------+
| epoch                | epoch_text                  | truncated            | rounded              | h  | after_midnight |
+----------------------+-----------------------------+----------------------+----------------------+----+----------------+
| 1970-01-01T00:00:00Z | 1970-01-01 00:00:00.000 UTC | 2024-01-05T00:00:00Z | 1970-01-01T00:00:02Z | 10 | true           |
+----------------------+-----------------------------+----------------------+----------------------+----+----------------+
