types: bigint, varchar, varchar, varchar, varchar, timestamp, timestamp, timestamp, timestamp, timestamp, date, timestamp, timestamp, double, double, boolean, boolean, boolean, boolean, boolean
+-----+---------------------+----------------------+---------------------+------------------+---------------------+---------------------+---------------------+---------------------+---------------------+------------+---------------------+-------------------------+--------------+-----------------+---------------------+-------------------+-------------------+-------------------+----------+
| id  | mysql_fmt           | mysql_fmt2           | joda_fmt            | joda_fmt2        | parsed_mysql        | parsed_note         | parsed_joda         | iso_ts              | iso_ts_offset       | iso_date   | epoch_int           | epoch_frac              | as_epoch     | epoch_with_frac | today_is_after_2024 | now_is_after_2024 | cts_is_after_2024 | lts_is_after_2024 | has_time |
+-----+---------------------+----------------------+---------------------+------------------+---------------------+---------------------+---------------------+---------------------+---------------------+------------+---------------------+-------------------------+--------------+-----------------+---------------------+-------------------+-------------------+-------------------+----------+
| 101 | 2024-01-05 10:30:00 | 05/Jan/2024 10:30 AM | 2024-01-05T10:30:00 | Fri, 5 Jan 2024  | 2024-03-15T12:00:00 |                     | 2024-03-15T09:05:00 | 2024-01-01T10:00:00 | 2024-01-01T08:00:00 | 2024-02-29 | 2023-11-14T22:13:20 | 2023-11-14T22:13:20.500 | 1704450600.0 | 1704067200.25   | true                | true              | true              | true              | true     |
| 105 | 2024-03-15 12:00:00 | 15/Mar/2024 12:00 PM | 2024-03-15T12:00:00 | Fri, 15 Mar 2024 | 2024-03-15T12:00:00 | 2024-03-15T12:00:00 | 2024-03-15T09:05:00 | 2024-01-01T10:00:00 | 2024-01-01T08:00:00 | 2024-02-29 | 2023-11-14T22:13:20 | 2023-11-14T22:13:20.500 | 1710504000.0 | 1704067200.25   | true                | true              | true              | true              | true     |
+-----+---------------------+----------------------+---------------------+------------------+---------------------+---------------------+---------------------+---------------------+---------------------+------------+---------------------+-------------------------+--------------+-----------------+---------------------+-------------------+-------------------+-------------------+----------+
