types: varchar, varchar, varchar, varchar, varchar, varchar, varchar
+---------+------------+----------+-------------+-----------------+---------------------+---------------+
| doy_min | doy_padded | week_min | week_padded | all_minimal     | all_padded          | iso_week_year |
+---------+------------+----------+-------------+-----------------+---------------------+---------------+
| 5       | 005        | 1        | 01          | 5/1/2024 14:5:9 | 05/01/2024 14:05:09 | 2025-01       |
+---------+------------+----------+-------------+-----------------+---------------------+---------------+
