types: timestamp, timestamp, timestamp with time zone, bigint, bigint
+---------------------+---------------------+----------------------+---------------+---------------+
| far_past            | far_future          | far_past_zoned       | far_past_year | far_past_span |
+---------------------+---------------------+----------------------+---------------+---------------+
| 1000-01-01T00:00:00 | 9999-12-31T23:59:59 | 1000-01-01T00:00:00Z | 1000          | 30            |
+---------------------+---------------------+----------------------+---------------+---------------+
