types: timestamp, timestamp, timestamp, timestamp, timestamp, timestamp, timestamp, timestamp, timestamp with time zone, timestamp with time zone, timestamp with time zone, bigint
+---------------------+------------------------+---------------------+----------------------------+---------------------+---------------------+---------------------+-----------------------+----------------------+----------------------+----------------------+-------------+
| hour_only           | clock_hour_no_meridiem | clock_hour_pm       | time_only_is_the_epoch_day | year_month          | year_only           | month_day           | complete_is_unchanged | joda_hour_only       | joda_clock_hour      | joda_clock_hour_pm   | from_column |
+---------------------+------------------------+---------------------+----------------------------+---------------------+---------------------+---------------------+-----------------------+----------------------+----------------------+----------------------+-------------+
| 2024-01-05T10:00:00 | 2024-01-05T10:30:00    | 2024-01-05T22:00:00 | 1970-01-01T00:30:00        | 2024-01-01T00:00:00 | 2024-01-01T00:00:00 | 1970-03-15T00:00:00 | 2024-01-05T10:30:00   | 2024-01-05T10:00:00Z | 2024-01-05T10:30:00Z | 2024-01-05T22:00:00Z | 12          |
+---------------------+------------------------+---------------------+----------------------------+---------------------+---------------------+---------------------+-----------------------+----------------------+----------------------+----------------------+-------------+
