types: timestamp, timestamp, timestamp, timestamp, timestamp, timestamp, time, time, varchar, boolean, boolean, boolean
+---------------------+---------------------+-------------------------+-------------------------+--------------------------+-------------------------+-----------+---------------+--------------+---------------------+------------------+--------------+
| date_only           | no_seconds          | one_fraction_digit      | three_fraction_digits   | before_nanosecond_window | far_future              | time_text | time_fraction | time_as_text | local_is_after_2024 | local_text_shape | clocks_agree |
+---------------------+---------------------+-------------------------+-------------------------+--------------------------+-------------------------+-----------+---------------+--------------+---------------------+------------------+--------------+
| 2024-01-05T00:00:00 | 2024-01-05T10:00:00 | 2024-01-05T10:00:00.500 | 2024-01-05T10:00:00.123 | 1600-01-01T00:00:00      | 9999-12-31T23:59:59.999 | 10:00:00  | 10:00:00.500  | 10:00:00.000 | true                | true             | true         |
+---------------------+---------------------+-------------------------+-------------------------+--------------------------+-------------------------+-----------+---------------+--------------+---------------------+------------------+--------------+
