types: bigint, timestamp, bigint, varchar, varchar, boolean, timestamp, timestamp, varchar
+----+-------------------------+-----+-------------------------+----------------------------+------------------------+---------------------+-------------------------+-------------------------+
| id | at                      | sec | text                    | formatted                  | rounded_equals_literal | truncated           | plus_ms                 | literal_text            |
+----+-------------------------+-----+-------------------------+----------------------------+------------------------+---------------------+-------------------------+-------------------------+
| 1  | 2024-01-05T10:00:01     | 1   | 2024-01-05 10:00:01.000 | 2024-01-05 10:00:01.000000 | true                   | 2024-01-05T10:00:01 | 2024-01-05T10:00:01.001 | 2024-01-05 10:00:00.123 |
| 2  | 2024-01-05T10:00:00.123 | 0   | 2024-01-05 10:00:00.123 | 2024-01-05 10:00:00.123000 | false                  | 2024-01-05T10:00:00 | 2024-01-05T10:00:00.124 | 2024-01-05 10:00:00.123 |
| 3  | 2024-01-05T10:00:00.001 | 0   | 2024-01-05 10:00:00.001 | 2024-01-05 10:00:00.001000 | false                  | 2024-01-05T10:00:00 | 2024-01-05T10:00:00.002 | 2024-01-05 10:00:00.123 |
| 4  |                         |     |                         |                            |                        |                     |                         | 2024-01-05 10:00:00.123 |
+----+-------------------------+-----+-------------------------+----------------------------+------------------------+---------------------+-------------------------+-------------------------+
