types: timestamp with time zone, varchar, bigint, timestamp with time zone, varchar, timestamp, boolean, boolean, bigint, timestamp with time zone, boolean, boolean, timestamp
+----------------------+-----------------------------+----------+----------------------+-----------------------------+---------------------+--------------+-------------+---------------+----------------------+----------------+-------------------+--------------------------------+
| iso_z                | iso_text                    | iso_hour | parsed               | parsed_text                 | parsed_as_timestamp | equals_plain | after_order | minutes_until | truncated_keeps_zone | now_text_shape | now_is_after_2024 | date_parse_truncates_to_millis |
+----------------------+-----------------------------+----------+----------------------+-----------------------------+---------------------+--------------+-------------+---------------+----------------------+----------------+-------------------+--------------------------------+
| 2024-01-05T10:00:00Z | 2024-01-05 10:00:00.000 UTC | 10       | 2024-01-05T10:00:00Z | 2024-01-05 10:00:00.000 UTC | 2024-01-05T10:00:00 | true         | false       | 30            | 2024-01-05T10:00:00Z | true           | true              | 2024-01-05T10:00:00.999        |
+----------------------+-----------------------------+----------+----------------------+-----------------------------+---------------------+--------------+-------------+---------------+----------------------+----------------+-------------------+--------------------------------+
