types: integer, integer, integer, bigint, tinyint, bigint, bigint, bigint
+-----------+-----------+-------------------+---------+------+----------------------+------------+--------------+
| trunc_pos | trunc_neg | trunc_neg_divisor | widened | tiny | big_min_half         | column_div | null_divisor |
+-----------+-----------+-------------------+---------+------+----------------------+------------+--------------+
| 3         | -3        | -3                | 4       | -64  | -4611686018427387904 | 2          |              |
+-----------+-----------+-------------------+---------+------+----------------------+------------+--------------+
