types: double, double, double, real, double, double, real, double, double, double, real, double, double, real, double, double, real, double, double
+-----+-----+---------+--------------+---------+----------+----------+---------------+----------------+----------+---------------+---------+---------+--------------+---------+----------+--------------+--------------+-------------------+
| nan | inf | neg_inf | pos_inf_real | trimmed | d_suffix | f_suffix | leading_point | trailing_point | exponent | real_overflow | try_nan | try_inf | try_infinity | try_hex | from_int | from_decimal | from_boolean | real_to_double    |
+-----+-----+---------+--------------+---------+----------+----------+---------------+----------------+----------+---------------+---------+---------+--------------+---------+----------+--------------+--------------+-------------------+
| NaN | inf | -inf    | inf          | 1.5     | 1.5      | 2.0      | 0.5           | 1.0            | -2000.0  | inf           |         |         |              |         | 1.0      | 2.5          | 1.0          | 1.100000023841858 |
+-----+-----+---------+--------------+---------+----------+----------+---------------+----------------+----------+---------------+---------+---------+--------------+---------+----------+--------------+--------------+-------------------+
