types: bigint, integer, integer, bigint, decimal(2,1), decimal(2,1), decimal(3,2), bigint
+----+------------+-----------------+---------------+---------------+--------------------+------------+------------+
| id | int_vs_dec | int_vs_dec_null | bigint_vs_dec | dec_vs_double | dec_vs_double_null | dec_vs_dec | col_vs_dec |
+----+------------+-----------------+---------------+---------------+--------------------+------------+------------+
| 1  | 2          |                 | 3             | 1.5           |                    | 2.25       | 1          |
| 2  | 2          |                 | 3             | 1.5           |                    | 2.25       |            |
| 3  | 2          |                 | 3             | 1.5           |                    | 2.25       | 3          |
+----+------------+-----------------+---------------+---------------+--------------------+------------+------------+
