types: timestamp, timestamp, timestamp, timestamp, timestamp, timestamp, timestamp, timestamp, timestamp, date, date, date, date, timestamp, date, timestamp, date
+--------------------------+-------------------------+-------------------------+---------------------+---------------------+---------------------+---------------------+---------------------+---------------------+-------------------+----------------+------------+-----------------+-------------------+----------------------------+---------------------+---------------+
| rounds_up_to_next_second | rounds_half_up          | rounds_down             | date_only_text      | single_digit_fields | trimmed             | far_future          | far_past            | date_to_timestamp   | timestamp_to_date | column_to_date | date_text  | short_date_text | try_zoned_is_null | try_date_with_time_is_null | try_garbage_is_null | date_function |
+--------------------------+-------------------------+-------------------------+---------------------+---------------------+---------------------+---------------------+---------------------+---------------------+-------------------+----------------+------------+-----------------+-------------------+----------------------------+---------------------+---------------+
| 2024-01-05T10:00:01      | 2024-01-05T10:00:00.124 | 2024-01-05T10:00:00.123 | 2024-01-05T00:00:00 | 2024-01-05T01:02:00 | 2024-01-05T10:00:00 | 9999-12-31T23:59:59 | 1600-01-01T00:00:00 | 2024-01-05T00:00:00 | 2024-01-05        | 2024-01-05     | 2024-01-05 | 2024-01-05      |                   |                            |                     | 2024-02-29    |
+--------------------------+-------------------------+-------------------------+---------------------+---------------------+---------------------+---------------------+---------------------+---------------------+-------------------+----------------+------------+-----------------+-------------------+----------------------------+---------------------+---------------+
