types: bigint, bigint, double, varchar, timestamp, boolean, timestamp, double, boolean, bigint
+-----+-------------+--------+-----------+---------------------+-------+---------------------+---------+----------+----------+
| id  | customer_id | amount | status    | created_at          | rush  | month               | doubled | big_rush | note_len |
+-----+-------------+--------+-----------+---------------------+-------+---------------------+---------+----------+----------+
| 101 | 1           | 120.5  | shipped   | 2024-01-05T10:30:00 | true  | 2024-01-01T00:00:00 | 241.0   | true     | 34       |
| 102 | 1           | 35.0   | shipped   | 2024-01-31T23:59:59 | false | 2024-01-01T00:00:00 | 70.0    | false    | 10       |
| 103 | 2           | 80.25  | pending   | 2024-02-14T08:00:00 | true  | 2024-02-01T00:00:00 | 160.5   | true     | 11       |
| 104 | 3           | 15.0   | cancelled | 2024-03-01T00:00:00 |       | 2024-03-01T00:00:00 | 30.0    | false    | 6        |
| 105 | 3           | 240.0  | shipped   | 2024-03-15T12:00:00 | true  | 2024-03-01T00:00:00 | 480.0   | true     | 19       |
| 106 | 3           |        | pending   | 2024-12-31T18:45:10 | false | 2024-12-01T00:00:00 |         | false    | 9        |
| 107 | 9           | 60.0   | shipped   | 2025-01-01T00:00:00 | false | 2025-01-01T00:00:00 | 120.0   | false    | 14       |
| 108 |             | 10.0   |           |                     |       |                     | 20.0    | false    |          |
+-----+-------------+--------+-----------+---------------------+-------+---------------------+---------+----------+----------+
