types: bigint, varchar, varchar, date, bigint, bigint, varchar, varchar
+----+-------+---------+-------------+-------------+--------+-----------+------------+
| id | name  | country | signup_date | signup_year | n_tags | first_tag | plan       |
+----+-------+---------+-------------+-------------+--------+-----------+------------+
| 1  | Alice | US      | 2023-01-15  | 2023        | 2      | vip       | pro        |
| 2  | Bob   | DE      | 2023-06-30  | 2023        | 1      | trial     | free       |
| 3  | Carol | US      | 2024-01-31  | 2024        | 0      |           | pro        |
| 4  | Dan   | FR      | 2024-02-29  | 2024        | 3      | vip       | enterprise |
| 5  |       | DE      |             |             |        |           |            |
+----+-------+---------+-------------+-------------+--------+-----------+------------+
