types: varchar, json, bigint, bigint, varchar, bigint, varchar
+--------+---------+--------------+------+-------+--------------+-------------+
| scalar | extract | array_length | size | valid | valid_length | from_column |
+--------+---------+--------------+------+-------+--------------+-------------+
|        |         |              |      | 1     | 2            |             |
+--------+---------+--------------+------+-------+--------------+-------------+
