types: bigint, varchar, varchar, integer, varchar, varchar, varchar, varchar, varchar, varchar, varchar, varchar, varchar, bigint, bigint, bigint, bigint, bigint
+----+------------+----------+-----+--------+-------+--------------+----------------+-----------------+------------------------------+-------------+------------+-------------------------+----------+--------------+--------+-----------+-------------+
| id | plan       | age_text | age | city   | zip   | second_score | object_is_null | missing_is_null | address_json                 | scores_json | via_parse  | formatted               | n_scores | not_an_array | n_keys | n_scores2 | scalar_size |
+----+------------+----------+-----+--------+-------+--------------+----------------+-----------------+------------------------------+-------------+------------+-------------------------+----------+--------------+--------+-----------+-------------+
| 1  | pro        | 34       | 34  | NYC    | 10001 | 20           |                |                 | {"city":"NYC","zip":"10001"} | [10,20,30]  | pro        | {"a":[true,null],"b":1} | 3        |              | 4      | 3         | 0           |
| 2  | free       | 28       | 28  | Berlin |       |              |                |                 | {"city":"Berlin"}            | []          | free       | {"a":[true,null],"b":1} | 0        |              | 4      | 0         | 0           |
| 3  | pro        |          |     |        |       |              |                |                 |                              |             | pro        | {"a":[true,null],"b":1} |          |              | 3      |           | 0           |
| 4  | enterprise | 45       | 45  |        |       |              |                |                 |                              | [1]         | enterprise | {"a":[true,null],"b":1} | 1        |              | 3      | 1         | 0           |
| 5  |            |          |     |        |       |              |                |                 |                              |             |            | {"a":[true,null],"b":1} |          |              |        |           |             |
+----+------------+----------+-----+--------+-------+--------------+----------------+-----------------+------------------------------+-------------+------------+-------------------------+----------+--------------+--------+-----------+-------------+
