types: varchar, varchar, varchar, varchar, varchar, varchar, varchar, json, json, json, json, json, varchar, varchar
+---------------------+----------------+---------------------+----------------------+--------------------------+---------------------+---------------------+---------------+--------------------------------------+---------------------+----------------------------------------------------+-----------------+---------------------+----------+
| keeps_trailing_zero | keeps_exponent | keeps_exponent_sign | keeps_small_exponent | keeps_big_integer        | keeps_long_fraction | first_duplicate_key | sorted_keys   | exact_big_integer                    | last_duplicate_wins | canonical_nested                                   | extracted_array | formatted           | age_text |
+---------------------+----------------+---------------------+----------------------+--------------------------+---------------------+---------------------+---------------+--------------------------------------+---------------------+----------------------------------------------------+-----------------+---------------------+----------+
| 1.50                | 1e2            | 1E+2                | 1.0e-7               | 100000000000000000000000 | 123456789.123456789 | 1                   | {"a":2,"b":1} | {"b":123456789012345678901234567890} | {"a":2}             | {"a":{"x":0,"y":1},"z":[1.5,100.0,true,null,"sé"]} | [1,2.5]         | {"a":"q\"\n","z":1} | 34       |
+---------------------+----------------+---------------------+----------------------+--------------------------+---------------------+---------------------+---------------+--------------------------------------+---------------------+----------------------------------------------------+-----------------+---------------------+----------+
