+-----+-----+-----+------+------+-----+-----+-----+-----+-----+--------+-----+-----+---+-------+-------+--------+--------------------+-------+--------+-------+-----+-------+---+---+--------+---------+
| a   | c   | c2  | f    | r2   | r0  | sq  | cb  | e0  | l1  | log2_8 | l10 | l2  | m | m_neg | pi_ok | p      | p2                 | s_neg | s_zero | s_pos | t   | t_neg | g | l | rnd_ok | rand_ok |
+-----+-----+-----+------+------+-----+-----+-----+-----+-----+--------+-----+-----+---+-------+-------+--------+--------------------+-------+--------+-------+-----+-------+---+---+--------+---------+
| 3.5 | 2.0 | 2.0 | -2.0 | 2.57 | 3.0 | 4.0 | 3.0 | 1.0 | 0.0 | 3.0    | 3.0 | 3.0 | 1 | -1    | true  | 1024.0 | 1.4142135623730951 | -1.0  | 0.0    | 1.0   | 2.0 | -2.0  | 5 | 1 | true   | true    |
+-----+-----+-----+------+------+-----+-----+-----+-----+-----+--------+-----+-----+---+-------+-------+--------+--------------------+-------+--------+-------+-----+-------+---+---+--------+---------+
