types: tinyint, smallint, integer, bigint, double, real, decimal(5,2), bigint
+------+-------+------------+---------------------+-----+-----+------+-----+
| tiny | small | int_       | big                 | dbl | rea | dec_ | nul |
+------+-------+------------+---------------------+-----+-----+------+-----+
| 127  | 32767 | 2147483647 | 9223372036854775807 | 1.5 | 2.5 | 2.50 |     |
+------+-------+------------+---------------------+-----+-----+------+-----+
