types: decimal(2,1), decimal(2,1), decimal(2,1), decimal(2,1), decimal(4,2), decimal(2,0), double, double, double, double, double, double, double, bigint, bigint, boolean, double, double, double, double, double, decimal(2,1), decimal(2,1), bigint, bigint, bigint, decimal(2,1), boolean, boolean
+-----+-----+-----+------+------+----+-----+-----+-----+-----+--------+-----+-----+---+-------+-------+--------+--------------------+-------+--------+-------+-----+-------+---+---+--------+-------+--------+---------+
| a   | c   | c2  | f    | r2   | r0 | sq  | cb  | e0  | l1  | log2_8 | l10 | l2  | m | m_neg | pi_ok | p      | p2                 | s_neg | s_zero | s_pos | t   | t_neg | g | l | g_null | l_dec | rnd_ok | rand_ok |
+-----+-----+-----+------+------+----+-----+-----+-----+-----+--------+-----+-----+---+-------+-------+--------+--------------------+-------+--------+-------+-----+-------+---+---+--------+-------+--------+---------+
| 3.5 | 2.0 | 2.0 | -2.0 | 2.57 | 3  | 4.0 | 3.0 | 1.0 | 0.0 | 3.0    | 3.0 | 3.0 | 1 | -1    | true  | 1024.0 | 1.4142135623730951 | -1.0  | 0.0    | 1.0   | 2.0 | -2.0  | 5 | 1 |        | 1.5   | true   | true    |
+-----+-----+-----+------+------+----+-----+-----+-----+-----+--------+-----+-----+---+-------+-------+--------+--------------------+-------+--------+-------+-----+-------+---+---+--------+-------+--------+---------+
