types: double, double, double, boolean
+--------------------+-------------------+-----+-----------------+
| l3                 | l100              | l8  | agrees_with_log |
+--------------------+-------------------+-----+-----------------+
| 1.5849625007211563 | 6.643856189774725 | 3.0 | true            |
+--------------------+-------------------+-----+-----------------+
