types: boolean, boolean, boolean, integer
+--------------+-----------------+------------------+-----------+
| int_in_range | bigint_in_range | nullary_in_range | only_zero |
+--------------+-----------------+------------------+-----------+
| true         | true            | true             | 0         |
+--------------+-----------------+------------------+-----------+
