types: decimal(1,0), decimal(1,0), decimal(3,0), decimal(1,0), decimal(5,0), decimal(3,2), decimal(2,0), decimal(2,0), decimal(2,0)
+--------+-------+----------+--------------+------------+------------+-----------+------------+------------+
| t_1_98 | t_9_9 | t_123_45 | t_scale_only | t_no_scale | t_two_args | ceil_1_98 | floor_1_98 | round_1_98 |
+--------+-------+----------+--------------+------------+------------+-----------+------------+------------+
| 1      | 9     | 123      | 0            | 12345      | 1.90       | 2         | 1          | 2          |
+--------+-------+----------+--------------+------------+------------+-----------+------------+------------+
