types: double, double, double, double, double, double, double
+------------------+----------------------+------------------+--------------------------+------------------+----------------------+---------------------+
| overflow_product | overflow_product_neg | saturating_round | saturating_round_divides | underflow_factor | underflow_factor_neg | zero_times_infinity |
+------------------+----------------------+------------------+--------------------------+------------------+----------------------+---------------------+
| 1e308            | -1e308               | 1e20             | 1.4999999999999998       | 0.0              | -0.0                 | 0.0                 |
+------------------+----------------------+------------------+--------------------------+------------------+----------------------+---------------------+
