types: double, double, double, double, double, double, double, double, double, double, double, double, double
+----------+-----------------+------------------+-------------+----------------------+------------------+----------+--------------------+---------------------------+------------+-------------+------------+------------------+
| zero_neg | zero_neg_double | zero_neg_decimal | signed_zero | from_column          | zero_from_column | ordinary | fractional         | negative_base_non_integer | one_to_nan | nan_to_zero | one_to_inf | minus_one_to_inf |
+----------+-----------------+------------------+-------------+----------------------+------------------+----------+--------------------+---------------------------+------------+-------------+------------+------------------+
| inf      | inf             | inf              | -inf        | 0.008298755186721992 | inf              | 1024.0   | 1.4142135623730951 | NaN                       | NaN        | 1.0         | NaN        | NaN              |
+----------+-----------------+------------------+-------------+----------------------+------------------+----------+--------------------+---------------------------+------------+-------------+------------+------------------+
