types: varchar, bigint, varchar, varchar, varchar, bigint, varchar, varchar, varchar, boolean, boolean, varchar, varchar
+----------------+-----------------------+---------------+---------------+----------------+-----------------------+---------------+--------------------+-------------------+-------------+--------------+-----------------+--------------+
| extract_dollar | extract_dollar_length | extract_big_z | extract_group | replace_dollar | replace_dollar_length | replace_big_z | replace_no_newline | replace_multiline | like_dollar | like_lower_z | extract_lower_z | trimmed_note |
+----------------+-----------------------+---------------+---------------+----------------+-----------------------+---------------+--------------------+-------------------+-------------+--------------+-----------------+--------------+
| b              | 1                     | b             | b             | ax<NL>         | 3                     | ax<NL>        | ax                 | aX<NL>cX<NL>      | true        | false        |                 | padded       |
+----------------+-----------------------+---------------+---------------+----------------+-----------------------+---------------+--------------------+-------------------+-------------+--------------+-----------------+--------------+
