types: boolean, varchar, varchar, boolean, boolean
+--------------+----------------+-------------+-----------------------+------------------------+
| nested_union | colon_in_class | colon_class | top_level_looks_posix | top_level_not_a_letter |
+--------------+----------------+-------------+-----------------------+------------------------+
| true         | xxx            | 12:30       | true                  | false                  |
+--------------+----------------+-------------+-----------------------+------------------------+
