types: boolean, varchar, varchar, boolean, varchar, boolean, boolean, varchar, boolean, varchar, boolean, boolean, varchar, varchar, boolean
+--------------+----------------+----------------+-------------+----------------+------------+-----------+------------------+-----------------------------+------------------------------+-------------------------+-----------------+--------+------------------------+----------------+
| arabic_digit | extract_arabic | replace_arabic | accent_word | strip_non_word | nbsp_space | tab_space | unicode_boundary | dollar_before_final_newline | replace_before_final_newline | dollar_not_two_newlines | dollar_in_class | digits | class_with_word_escape | multiline_flag |
+--------------+----------------+----------------+-------------+----------------+------------+-----------+------------------+-----------------------------+------------------------------+-------------------------+-----------------+--------+------------------------+----------------+
| true         | ٣              | x              | true        | José           | true       | true      | |aé| |b|         | true                        | ax|                          | false                   | true            | 1      | a.b_c                  | true           |
+--------------+----------------+----------------+-------------+----------------+------------+-----------+------------------+-----------------------------+------------------------------+-------------------------+-----------------+--------+------------------------+----------------+
