types: varchar, varchar, varchar, varchar, varchar, bigint, varchar, varchar, varchar, varchar, varchar, varchar
+--------------+--------+------------+------------+--------+-------------------+---------------+---------------+----------+-------------+-------------+-----------------+
| all_consumed | middle | at_the_end | digits     | spaces | replacement_count | empty_pattern | never_matches | deleting | empty_input | code_points | padded_column   |
+--------------+--------+------------+------------+--------+-------------------+---------------+---------------+----------+-------------+-------------+-----------------+
| XX           | XaXXcX | XaXbXX     | #a#b##c#d# | -a--b- | 2                 | XaXbXcX       | XaXbXcX       | ac       | X           | -a--b-      | ||p|a|d|d|e|d|| |
+--------------+--------+------------+------------+--------+-------------------+---------------+---------------+----------+-------------+-------------+-----------------+
