types: integer, integer, integer, integer, integer, integer, bigint, integer, bigint, bigint, bigint, integer, integer, integer, integer, bigint, integer, integer, boolean
+-----+-----+---------+---------+----------+------------+------------+-------------+-----------------+------------+-------------+-----------------+------------+--------------+---------+-----------+----------+-------------+---------+
| one | two | int_div | int_mod | negative | max_int    | beyond_int | min_int     | bigint_plus_int | count_plus | sum_of_ints | max_int_literal | cast_int   | int_plus_int | abs_int | coalesced | case_int | from_values | in_list |
+-----+-----+---------+---------+----------+------------+------------+-------------+-----------------+------------+-------------+-----------------+------------+--------------+---------+-----------+----------+-------------+---------+
| 1   | 2   | 3       | 1       | -1       | 2147483647 | 2147483648 | -2147483648 | 102             | 2          | 1           | 1               | 2147483647 | 3            | 5       | 1         | 1        | 1           | true    |
| 1   | 2   | 3       | 1       | -1       | 2147483647 | 2147483648 | -2147483648 | 102             | 2          | 1           | 1               | 2147483647 | 3            | 5       | 1         | 1        | 2           | true    |
+-----+-----+---------+---------+----------+------------+------------+-------------+-----------------+------------+-------------+-----------------+------------+--------------+---------+-----------+----------+-------------+---------+
