types: decimal(2,1), decimal(2,1), decimal(4,2), decimal(12,1), decimal(38,0), decimal(2,1), decimal(10,2), decimal(12,1), decimal(12,1), decimal(4,2), decimal(5,3), decimal(2,1), decimal(12,1), decimal(3,3), decimal(2,0), decimal(38,0), decimal(38,0), decimal(19,0), decimal(2,1)
+---------+-------+-----------+--------------+-------------------+------------------+------------+--------------+---------------+---------------+---------------+---------------+----------------+----------------+---------------+----------------------------------------+----------------------------------------+---------------------+---------+
| half_up | third | third_2dp | int_over_dec | max_precision_div | negative_half_up | column_div | dec_plus_int | dec_times_int | dec_minus_dec | dec_times_dec | typed_literal | typed_plus_int | typed_negative | typed_integer | max_decimal                            | max_decimal_minus_one                  | beyond_bigint       | dec_mod |
+---------+-------+-----------+--------------+-------------------+------------------+------------+--------------+---------------+---------------+---------------+---------------+----------------+----------------+---------------+----------------------------------------+----------------------------------------+---------------------+---------+
| 0.8     | 0.3   | 3.33      | 33.3         | 0                 | -0.8             | 40.17      | 2.5          | 3.0           | -0.75         | 1.875         | 1.5           | 2.5            | -0.250         | 15            | 99999999999999999999999999999999999999 | 99999999999999999999999999999999999998 | 9223372036854775808 | 0.5     |
+---------+-------+-----------+--------------+-------------------+------------------+------------+--------------+---------------+---------------+---------------+---------------+----------------+----------------+---------------+----------------------------------------+----------------------------------------+---------------------+---------+
