types: boolean, boolean, boolean, boolean, boolean
+-------------------------+----------------------------+------------------------+---------------------+------------+
| backslash_then_wildcard | backslash_literal_no_match | upper_pattern_no_match | upper_pattern_match | self_match |
+-------------------------+----------------------------+------------------------+---------------------+------------+
| true                    | false                      | false                  | true                | true       |
+-------------------------+----------------------------+------------------------+---------------------+------------+
