types: bigint, double, bigint, bigint, bigint, array
+-----+--------+-----+----+--------+----------------------+
| id  | amount | rnk | rn | top_id | ids_so_far           |
+-----+--------+-----+----+--------+----------------------+
| 105 | 240.0  | 1   | 1  | 105    | [105]                |
| 101 | 120.5  | 2   | 2  | 105    | [105, 101]           |
| 103 | 80.25  | 3   | 3  | 105    | [105, 101, 103]      |
| 107 | 60.0   | 4   | 4  | 105    | [105, 101, 103, 107] |
+-----+--------+-----+----+--------+----------------------+
