types: decimal(2,1), decimal(2,1), decimal(6,2), double, double, decimal(12,1), integer, integer, integer, bigint, decimal(3,2), boolean, bigint, bigint
+-----+-----------+---------+-------+----------+---------------+---------+---------+---------+---------------------+---------+------------+---------------------+---------------------+
| one | exact_sum | dec_sum | sci   | sci_frac | dec_times_int | int_div | int_mod | int_mul | near_max            | neg_dec | dec_vs_int | checked_sum         | checked_difference  |
+-----+-----------+---------+-------+----------+---------------+---------+---------+---------+---------------------+---------+------------+---------------------+---------------------+
| 1.0 | 0.3       | 0.30    | 100.0 | 0.25     | 3.0           | 2       | 1       | 6       | 9223372036854775806 | -1.25   | true       | 9223372036854775807 | 9223372036854775806 |
+-----+-----------+---------+-------+----------+---------------+---------+---------+---------+---------------------+---------+------------+---------------------+---------------------+
