types: boolean, boolean, boolean, boolean, boolean, boolean, boolean, boolean, boolean, boolean, boolean, boolean
+------------------------------+-------------------------+---------------------------+-------------------------+-----------------------+--------------------+-----------------------------+----------------+---------------------+--------------+------------------+--------------------------+
| backslash_underscore_literal | backslash_then_wildcard | backslash_percent_literal | two_backslashes_are_two | two_backslashes_match | escaped_underscore | escaped_underscore_no_match | escaped_escape | backslash_as_escape | plain_prefix | note_has_percent | note_ends_with_backslash |
+------------------------------+-------------------------+---------------------------+-------------------------+-----------------------+--------------------+-----------------------------+----------------+---------------------+--------------+------------------+--------------------------+
| false                        | true                    | false                     | false                   | true                  | true               | false                       | true           | true                | true         | false            | false                    |
+------------------------------+-------------------------+---------------------------+-------------------------+-----------------------+--------------------+-----------------------------+----------------+---------------------+--------------+------------------+--------------------------+
