types: bigint, varchar, varchar, bigint, varchar, bigint
+----+--------------+---------+--------------+-----------+----------+
| id | CustomerName | country | quoted_upper | via_alias | uuid_len |
+----+--------------+---------+--------------+-----------+----------+
| 1  | Alice        | US      | 1            | US        | 36       |
| 3  | Carol        | US      | 3            | US        | 36       |
+----+--------------+---------+--------------+-----------+----------+
