+---------+-----------+--------+
| country | status    | total  |
+---------+-----------+--------+
| DE      | pending   | 80.25  |
| DE      |           | 80.25  |
| US      | cancelled | 15.0   |
| US      | shipped   | 395.5  |
| US      |           | 410.5  |
|         |           | 490.75 |
+---------+-----------+--------+
