+---------+---+-----------+-------+---------+-------+-------+--------+----------+----------+-------------+----------------------+------------+
| status  | n | customers | total | mean    | lo    | hi    | rushed | all_rush | any_rush | all_over_10 | ids                  | any_status |
+---------+---+-----------+-------+---------+-------+-------+--------+----------+----------+-------------+----------------------+------------+
| pending | 2 | 2         | 80.25 | 80.25   | 80.25 | 80.25 | 1      | false    | true     | true        | [103, 106]           | pending    |
| shipped | 4 | 3         | 455.5 | 113.875 | 35.0  | 240.0 | 2      | false    | true     | true        | [101, 102, 105, 107] | shipped    |
+---------+---+-----------+-------+---------+-------+-------+--------+----------+----------+-------------+----------------------+------------+
