types: bigint, varchar, bigint, double
+----+-------+----------+--------+
| id | name  | order_id | amount |
+----+-------+----------+--------+
| 1  | Alice | 101      | 120.5  |
| 1  | Alice | 102      | 35.0   |
| 3  | Carol | 105      | 240.0  |
| 4  | Dan   |          |        |
+----+-------+----------+--------+
