types: integer, integer, integer, bigint, integer
+--------------+---------------+---------+-----------+-----------+
| empty_values | empty_literal | present | empty_agg | coalesced |
+--------------+---------------+---------+-----------+-----------+
|              |               | 1       |           | 0         |
+--------------+---------------+---------+-----------+-----------+
