types: bigint, varchar, varchar, varchar, bigint, bigint, varchar, bigint, varchar, varchar, varchar, varchar, varchar, varchar, varchar, varchar, varchar, varchar, varchar, boolean, varchar, varchar, varchar, varchar, integer, bigint, varchar
+-----+-------+------------------------------+------------+----------+---------+--------------+-----+------------------------------------+------------------------------------+------------------------------------+------------------------------------+------------------------------------+-----------+------------------------------------+-----------------------------------+------------------------------------+--------+---------+----------+-------------------------------------+--------------------------------------+-------------+--------+--------+-----+------------+
| id  | sub5  | from7                        | sub_syntax | colon_at | hash_at | second_part  | len | lo                                 | up                                 | trimmed                            | ltrimmed                           | rtrimmed                           | trim_both | replaced                           | commas_removed                    | rev                                | padded | rpadded | is_order | with_bang                           | wrapped                              | null_concat | a_char | a_code | lev | translated |
+-----+-------+------------------------------+------------+----------+---------+--------------+-----+------------------------------------+------------------------------------+------------------------------------+------------------------------------+------------------------------------+-----------+------------------------------------+-----------------------------------+------------------------------------+--------+---------+----------+-------------------------------------+--------------------------------------+-------------+--------+--------+-----+------------+
| 101 | Order | #101: gift wrap, ref ABC-123 | rde        | 11       | 7       |  ref ABC-123 | 34  | order #101: gift wrap, ref abc-123 | ORDER #101: GIFT WRAP, REF ABC-123 | Order #101: gift wrap, ref ABC-123 | Order #101: gift wrap, ref ABC-123 | Order #101: gift wrap, ref ABC-123 | hi        | Order #101: gift wrAp, ref ABC-123 | Order #101: gift wrap ref ABC-123 | 321-CBA fer ,parw tfig :101# redrO | 00101  | ab--    | true     | Order #101: gift wrap, ref ABC-123! | xOrder #101: gift wrap, ref ABC-123y |             | A      | 65     | 3   | xyc        |
| 102 |   pad | ed                           |  pa        | 0        | 0       |              | 10  |   padded                           |   PADDED                           | padded                             | padded                             |   padded                           | hi        |   pAdded                           |   padded                          |   deddap                           | 00102  | ab--    | false    |   padded  !                         | x  padded  y                         |             | A      | 65     | 3   | xyc        |
| 103 | Überw | isung                        | ber        | 0        | 0       |              | 11  | überweisung                        | ÜBERWEISUNG                        | Überweisung                        | Überweisung                        | Überweisung                        | hi        | Überweisung                        | Überweisung                       | gnusiewrebÜ                        | 00103  | ab--    | false    | Überweisung!                        | xÜberweisungy                        |             | A      | 65     | 3   | xyc        |
| 104 | a,b,, |                              | ,b,        | 0        | 0       | b            | 6   | a,b,,c                             | A,B,,C                             | a,b,,c                             | a,b,,c                             | a,b,,c                             | hi        | A,b,,c                             | abc                               | c,,b,a                             | 00104  | ab--    | false    | a,b,,c!                             | xa,b,,cy                             |             | A      | 65     | 3   | xyc        |
| 105 | 2024- | 3-15 12:00:00                | 024        | 14       | 0       |              | 19  | 2024-03-15 12:00:00                | 2024-03-15 12:00:00                | 2024-03-15 12:00:00                | 2024-03-15 12:00:00                | 2024-03-15 12:00:00                | hi        | 2024-03-15 12:00:00                | 2024-03-15 12:00:00               | 00:00:21 51-30-4202                | 00105  | ab--    | false    | 2024-03-15 12:00:00!                | x2024-03-15 12:00:00y                |             | A      | 65     | 3   | xyc        |
| 106 | no-di | its                          | o-d        | 0        | 0       |              | 9   | no-digits                          | NO-DIGITS                          | no-digits                          | no-digits                          | no-digits                          | hi        | no-digits                          | no-digits                         | stigid-on                          | 00106  | ab--    | false    | no-digits!                          | xno-digitsy                          |             | A      | 65     | 3   | xyc        |
| 107 | x=1;y | 22;z=333                     | =1;        | 0        | 0       |              | 14  | x=1;y=22;z=333                     | X=1;Y=22;Z=333                     | x=1;y=22;z=333                     | x=1;y=22;z=333                     | x=1;y=22;z=333                     | hi        | x=1;y=22;z=333                     | x=1;y=22;z=333                    | 333=z;22=y;1=x                     | 00107  | ab--    | false    | x=1;y=22;z=333!                     | xx=1;y=22;z=333y                     |             | A      | 65     | 3   | xyc        |
| 108 |       |                              |            |          |         |              |     |                                    |                                    |                                    |                                    |                                    | hi        |                                    |                                   |                                    | 00108  | ab--    |          |                                     |                                      |             | A      | 65     | 3   | xyc        |
+-----+-------+------------------------------+------------+----------+---------+--------------+-----+------------------------------------+------------------------------------+------------------------------------+------------------------------------+------------------------------------+-----------+------------------------------------+-----------------------------------+------------------------------------+--------+---------+----------+-------------------------------------+--------------------------------------+-------------+--------+--------+-----+------------+
