types: varchar, varchar, varchar, varchar, varchar, varchar, varchar, varchar, varchar, varchar, integer, integer, varchar, varchar, varchar, varchar, varchar
+--------------+----------+---------------+----------------+------------+---------------+------------+------------+----------------+------------------------+-------------+------------------+-------------------+----------+------------------+----------+------------+
| sharp_s_kept | dotted_i | ligature_kept | no_final_sigma | upper_name | lower_accents | lpad_cycle | rpad_cycle | lpad_truncates | lpad_no_padding_needed | codepoint_a | codepoint_accent | varchar_truncates | int_fits | try_int_too_long | dec_fits | date_fits  |
+--------------+----------+---------------+----------------+------------+---------------+------------+------------+----------------+------------------------+-------------+------------------+-------------------+----------+------------------+----------+------------+
| STRAßE       | istanbul | ﬁ             | οδυσσευσ       | ALICE      | àéî           | xyabc      | abcxyx     | abc            | abc                    | 97          | 233              | ab                | 12       |                  | 1.5      | 2024-01-05 |
+--------------+----------+---------------+----------------+------------+---------------+------------+------------+----------------+------------------------+-------------+------------------+-------------------+----------+------------------+----------+------------+
