types: varchar, varchar, varchar, varchar, varchar, varchar, varchar, varchar, varchar, boolean, boolean, varchar, varchar, varchar, varchar, varchar
+-----------+------------+--------------+----------+----------+--------------+------------+------------+---------+-----------------+-------------+---------+------------+-----------------+----------------+--------------+
| neg_start | zero_start | neg_with_len | past_end | zero_len | before_start | syntax_neg | comma_form | unicode | missing_is_null | empty_field | by_char | last_field | group_then_text | literal_dollar | named_groups |
+-----------+------------+--------------+----------+----------+--------------+------------+------------+---------+-----------------+-------------+---------+------------+-----------------+----------------+--------------+
| llo       |            | ll           |          |          |              | lo         | ell        | Über    | true            | true        | b       | c          | axb             | a$b            | v=k          |
+-----------+------------+--------------+----------+----------+--------------+------------+------------+---------+-----------------+-------------+---------+------------+-----------------+----------------+--------------+
