types: bigint, bigint, bigint, bigint, bigint, bigint, varchar, varchar, varchar, varchar, varchar, varchar, varchar
+--------+-----------+----------+-------------+----------------------+-----------+--------------+-----------+--------------+--------+--------------+--------------+--------------+
| tab_lf | ltrim_tab | rtrim_cr | vt_ff_fs_us | line_sep_ideographic | nbsp_kept | trimmed_note | leading_x | trailing_set | both_y | default_both | ltrim_spaces | rtrim_spaces |
+--------+-----------+----------+-------------+----------------------+-----------+--------------+-----------+--------------+--------+--------------+--------------+--------------+
| 1      | 1         | 1        | 1           | 1                    | 3         | padded       | ax        | a            | a      | a            | a  |         |   a|         |
+--------+-----------+----------+-------------+----------------------+-----------+--------------+-----------+--------------+--------+--------------+--------------+--------------+
