types: varchar, varchar, varchar, varchar, varchar, varchar, varchar
+--------------+---------------+-----------+-------+---------------------+-----------------+--------------------+
| bare_leading | bare_trailing | bare_both | plain | bare_leading_column | with_characters | leading_characters |
+--------------+---------------+-----------+-------+---------------------+-----------------+--------------------+
| [a  ]        | [  a]         | [a]       | [a]   | [padded  ]          | a               | axx                |
+--------------+---------------+-----------+-------+---------------------+-----------------+--------------------+
