types: varchar, varchar, varchar, bigint, varchar, varchar, varchar, varchar, varchar, varchar
+--------------+------------+-------------+----------------+---------------+----------+-----------------+-------------+------------------+------------+
| empty_search | empty_both | code_points | widened_length | from_column   | ordinary | non_overlapping | delete_form | null_replacement | null_input |
+--------------+------------+-------------+----------------+---------------+----------+-----------------+-------------+------------------+------------+
| XaXbXcX      | X          | -a-👍-      | 11             | |a|,|b|,|,|c| | a;b;;c   | ba              | ac          |                  |            |
+--------------+------------+-------------+----------------+---------------+----------+-----------------+-------------+------------------+------------+
